array(
	'cronner-task' => 'E-mail notifications',
	'cronner-period' => '5 minutes',
	'cronner-days' => NULL,
	'cronner-days-of-month' => NULL,
	'cronner-time' => NULL,
)
